[
  {
    "languageOptions": {
      "ecmaVersion": 2023,
      "globals": {
        "AI": "readonly",
        "AITextSession": "readonly",
        "AbortController": "readonly",
        "AbortSignal": "readonly",
        "AbsoluteOrientationSensor": "readonly",
        "AbstractRange": "readonly",
        "Accelerometer": "readonly",
        "AggregateError": "readonly",
        "AnalyserNode": "readonly",
        "Animation": "readonly",
        "AnimationEffect": "readonly",
        "AnimationEvent": "readonly",
        "AnimationPlaybackEvent": "readonly",
        "AnimationTimeline": "readonly",
        "Array": "readonly",
        "ArrayBuffer": "readonly",
        "Atomics": "readonly",
        "Attr": "readonly",
        "Audio": "readonly",
        "AudioBuffer": "readonly",
        "AudioBufferSourceNode": "readonly",
        "AudioContext": "readonly",
        "AudioData": "readonly",
        "AudioDecoder": "readonly",
        "AudioDestinationNode": "readonly",
        "AudioEncoder": "readonly",
        "AudioListener": "readonly",
        "AudioNode": "readonly",
        "AudioParam": "readonly",
        "AudioParamMap": "readonly",
        "AudioProcessingEvent": "readonly",
        "AudioScheduledSourceNode": "readonly",
        "AudioSinkInfo": "readonly",
        "AudioWorklet": "readonly",
        "AudioWorkletGlobalScope": "readonly",
        "AudioWorkletNode": "readonly",
        "AudioWorkletProcessor": "readonly",
        "AuthenticatorAssertionResponse": "readonly",
        "AuthenticatorAttestationResponse": "readonly",
        "AuthenticatorResponse": "readonly",
        "BackgroundFetchManager": "readonly",
        "BackgroundFetchRecord": "readonly",
        "BackgroundFetchRegistration": "readonly",
        "BarProp": "readonly",
        "BaseAudioContext": "readonly",
        "BatteryManager": "readonly",
        "BeforeUnloadEvent": "readonly",
        "BigInt": "readonly",
        "BigInt64Array": "readonly",
        "BigUint64Array": "readonly",
        "BiquadFilterNode": "readonly",
        "Blob": "readonly",
        "BlobEvent": "readonly",
        "Bluetooth": "readonly",
        "BluetoothCharacteristicProperties": "readonly",
        "BluetoothDevice": "readonly",
        "BluetoothRemoteGATTCharacteristic": "readonly",
        "BluetoothRemoteGATTDescriptor": "readonly",
        "BluetoothRemoteGATTServer": "readonly",
        "BluetoothRemoteGATTService": "readonly",
        "BluetoothUUID": "readonly",
        "Boolean": "readonly",
        "BroadcastChannel": "readonly",
        "BrowserCaptureMediaStreamTrack": "readonly",
        "Buffer": "readonly",
        "ByteLengthQueuingStrategy": "readonly",
        "CDATASection": "readonly",
        "CSS": "readonly",
        "CSSAnimation": "readonly",
        "CSSConditionRule": "readonly",
        "CSSContainerRule": "readonly",
        "CSSCounterStyleRule": "readonly",
        "CSSFontFaceRule": "readonly",
        "CSSFontFeatureValuesRule": "readonly",
        "CSSFontPaletteValuesRule": "readonly",
        "CSSGroupingRule": "readonly",
        "CSSImageValue": "readonly",
        "CSSImportRule": "readonly",
        "CSSKeyframeRule": "readonly",
        "CSSKeyframesRule": "readonly",
        "CSSKeywordValue": "readonly",
        "CSSLayerBlockRule": "readonly",
        "CSSLayerStatementRule": "readonly",
        "CSSMathClamp": "readonly",
        "CSSMathInvert": "readonly",
        "CSSMathMax": "readonly",
        "CSSMathMin": "readonly",
        "CSSMathNegate": "readonly",
        "CSSMathProduct": "readonly",
        "CSSMathSum": "readonly",
        "CSSMathValue": "readonly",
        "CSSMatrixComponent": "readonly",
        "CSSMediaRule": "readonly",
        "CSSNamespaceRule": "readonly",
        "CSSNumericArray": "readonly",
        "CSSNumericValue": "readonly",
        "CSSPageDescriptors": "readonly",
        "CSSPageRule": "readonly",
        "CSSPerspective": "readonly",
        "CSSPositionTryDescriptors": "readonly",
        "CSSPositionTryRule": "readonly",
        "CSSPositionValue": "readonly",
        "CSSPropertyRule": "readonly",
        "CSSRotate": "readonly",
        "CSSRule": "readonly",
        "CSSRuleList": "readonly",
        "CSSScale": "readonly",
        "CSSScopeRule": "readonly",
        "CSSSkew": "readonly",
        "CSSSkewX": "readonly",
        "CSSSkewY": "readonly",
        "CSSStartingStyleRule": "readonly",
        "CSSStyleDeclaration": "readonly",
        "CSSStyleRule": "readonly",
        "CSSStyleSheet": "readonly",
        "CSSStyleValue": "readonly",
        "CSSSupportsRule": "readonly",
        "CSSTransformComponent": "readonly",
        "CSSTransformValue": "readonly",
        "CSSTransition": "readonly",
        "CSSTranslate": "readonly",
        "CSSUnitValue": "readonly",
        "CSSUnparsedValue": "readonly",
        "CSSVariableReferenceValue": "readonly",
        "CSSViewTransitionRule": "readonly",
        "Cache": "readonly",
        "CacheStorage": "readonly",
        "CanvasCaptureMediaStream": "readonly",
        "CanvasCaptureMediaStreamTrack": "readonly",
        "CanvasGradient": "readonly",
        "CanvasPattern": "readonly",
        "CanvasRenderingContext2D": "readonly",
        "CaptureController": "readonly",
        "CaretPosition": "readonly",
        "ChannelMergerNode": "readonly",
        "ChannelSplitterNode": "readonly",
        "ChapterInformation": "readonly",
        "CharacterBoundsUpdateEvent": "readonly",
        "CharacterData": "readonly",
        "Clipboard": "readonly",
        "ClipboardEvent": "readonly",
        "ClipboardItem": "readonly",
        "CloseEvent": "readonly",
        "CloseWatcher": "readonly",
        "Comment": "readonly",
        "CompositionEvent": "readonly",
        "CompressionStream": "readonly",
        "ConstantSourceNode": "readonly",
        "ContentVisibilityAutoStateChangeEvent": "readonly",
        "ConvolverNode": "readonly",
        "CookieChangeEvent": "readonly",
        "CookieDeprecationLabel": "readonly",
        "CookieStore": "readonly",
        "CookieStoreManager": "readonly",
        "CountQueuingStrategy": "readonly",
        "Credential": "readonly",
        "CredentialsContainer": "readonly",
        "CropTarget": "readonly",
        "Crypto": "readonly",
        "CryptoKey": "readonly",
        "CustomElementRegistry": "readonly",
        "CustomEvent": "readonly",
        "CustomStateSet": "readonly",
        "DOMError": "readonly",
        "DOMException": "readonly",
        "DOMImplementation": "readonly",
        "DOMMatrix": "readonly",
        "DOMMatrixReadOnly": "readonly",
        "DOMParser": "readonly",
        "DOMPoint": "readonly",
        "DOMPointReadOnly": "readonly",
        "DOMQuad": "readonly",
        "DOMRect": "readonly",
        "DOMRectList": "readonly",
        "DOMRectReadOnly": "readonly",
        "DOMStringList": "readonly",
        "DOMStringMap": "readonly",
        "DOMTokenList": "readonly",
        "DataTransfer": "readonly",
        "DataTransferItem": "readonly",
        "DataTransferItemList": "readonly",
        "DataView": "readonly",
        "Date": "readonly",
        "DecompressionStream": "readonly",
        "DelayNode": "readonly",
        "DelegatedInkTrailPresenter": "readonly",
        "DeviceMotionEvent": "readonly",
        "DeviceMotionEventAcceleration": "readonly",
        "DeviceMotionEventRotationRate": "readonly",
        "DeviceOrientationEvent": "readonly",
        "Document": "readonly",
        "DocumentFragment": "readonly",
        "DocumentPictureInPicture": "readonly",
        "DocumentPictureInPictureEvent": "readonly",
        "DocumentTimeline": "readonly",
        "DocumentType": "readonly",
        "DragEvent": "readonly",
        "DynamicsCompressorNode": "readonly",
        "EditContext": "readonly",
        "Element": "readonly",
        "ElementInternals": "readonly",
        "EncodedAudioChunk": "readonly",
        "EncodedVideoChunk": "readonly",
        "Error": "readonly",
        "ErrorEvent": "readonly",
        "EvalError": "readonly",
        "Event": "readonly",
        "EventCounts": "readonly",
        "EventSource": "readonly",
        "EventTarget": "readonly",
        "External": "readonly",
        "EyeDropper": "readonly",
        "FeaturePolicy": "readonly",
        "FederatedCredential": "readonly",
        "Fence": "readonly",
        "FencedFrameConfig": "readonly",
        "FetchLaterResult": "readonly",
        "File": "readonly",
        "FileList": "readonly",
        "FileReader": "readonly",
        "FileSystem": "readonly",
        "FileSystemDirectoryEntry": "readonly",
        "FileSystemDirectoryHandle": "readonly",
        "FileSystemDirectoryReader": "readonly",
        "FileSystemEntry": "readonly",
        "FileSystemFileEntry": "readonly",
        "FileSystemFileHandle": "readonly",
        "FileSystemHandle": "readonly",
        "FileSystemWritableFileStream": "readonly",
        "FinalizationRegistry": "readonly",
        "Float16Array": "readonly",
        "Float32Array": "readonly",
        "Float64Array": "readonly",
        "FocusEvent": "readonly",
        "FontData": "readonly",
        "FontFace": "readonly",
        "FontFaceSet": "readonly",
        "FontFaceSetLoadEvent": "readonly",
        "FormData": "readonly",
        "FormDataEvent": "readonly",
        "FragmentDirective": "readonly",
        "Function": "readonly",
        "GPU": "readonly",
        "GPUAdapter": "readonly",
        "GPUAdapterInfo": "readonly",
        "GPUBindGroup": "readonly",
        "GPUBindGroupLayout": "readonly",
        "GPUBuffer": "readonly",
        "GPUBufferUsage": "readonly",
        "GPUCanvasContext": "readonly",
        "GPUColorWrite": "readonly",
        "GPUCommandBuffer": "readonly",
        "GPUCommandEncoder": "readonly",
        "GPUCompilationInfo": "readonly",
        "GPUCompilationMessage": "readonly",
        "GPUComputePassEncoder": "readonly",
        "GPUComputePipeline": "readonly",
        "GPUDevice": "readonly",
        "GPUDeviceLostInfo": "readonly",
        "GPUError": "readonly",
        "GPUExternalTexture": "readonly",
        "GPUInternalError": "readonly",
        "GPUMapMode": "readonly",
        "GPUOutOfMemoryError": "readonly",
        "GPUPipelineError": "readonly",
        "GPUPipelineLayout": "readonly",
        "GPUQuerySet": "readonly",
        "GPUQueue": "readonly",
        "GPURenderBundle": "readonly",
        "GPURenderBundleEncoder": "readonly",
        "GPURenderPassEncoder": "readonly",
        "GPURenderPipeline": "readonly",
        "GPUSampler": "readonly",
        "GPUShaderModule": "readonly",
        "GPUShaderStage": "readonly",
        "GPUSupportedFeatures": "readonly",
        "GPUSupportedLimits": "readonly",
        "GPUTexture": "readonly",
        "GPUTextureUsage": "readonly",
        "GPUTextureView": "readonly",
        "GPUUncapturedErrorEvent": "readonly",
        "GPUValidationError": "readonly",
        "GainNode": "readonly",
        "Gamepad": "readonly",
        "GamepadAxisMoveEvent": "readonly",
        "GamepadButton": "readonly",
        "GamepadButtonEvent": "readonly",
        "GamepadEvent": "readonly",
        "GamepadHapticActuator": "readonly",
        "GamepadPose": "readonly",
        "Geolocation": "readonly",
        "GeolocationCoordinates": "readonly",
        "GeolocationPosition": "readonly",
        "GeolocationPositionError": "readonly",
        "GravitySensor": "readonly",
        "Gyroscope": "readonly",
        "HID": "readonly",
        "HIDConnectionEvent": "readonly",
        "HIDDevice": "readonly",
        "HIDInputReportEvent": "readonly",
        "HTMLAllCollection": "readonly",
        "HTMLAnchorElement": "readonly",
        "HTMLAreaElement": "readonly",
        "HTMLAudioElement": "readonly",
        "HTMLBRElement": "readonly",
        "HTMLBaseElement": "readonly",
        "HTMLBodyElement": "readonly",
        "HTMLButtonElement": "readonly",
        "HTMLCanvasElement": "readonly",
        "HTMLCollection": "readonly",
        "HTMLDListElement": "readonly",
        "HTMLDataElement": "readonly",
        "HTMLDataListElement": "readonly",
        "HTMLDetailsElement": "readonly",
        "HTMLDialogElement": "readonly",
        "HTMLDirectoryElement": "readonly",
        "HTMLDivElement": "readonly",
        "HTMLDocument": "readonly",
        "HTMLElement": "readonly",
        "HTMLEmbedElement": "readonly",
        "HTMLFencedFrameElement": "readonly",
        "HTMLFieldSetElement": "readonly",
        "HTMLFontElement": "readonly",
        "HTMLFormControlsCollection": "readonly",
        "HTMLFormElement": "readonly",
        "HTMLFrameElement": "readonly",
        "HTMLFrameSetElement": "readonly",
        "HTMLHRElement": "readonly",
        "HTMLHeadElement": "readonly",
        "HTMLHeadingElement": "readonly",
        "HTMLHtmlElement": "readonly",
        "HTMLIFrameElement": "readonly",
        "HTMLImageElement": "readonly",
        "HTMLInputElement": "readonly",
        "HTMLLIElement": "readonly",
        "HTMLLabelElement": "readonly",
        "HTMLLegendElement": "readonly",
        "HTMLLinkElement": "readonly",
        "HTMLMapElement": "readonly",
        "HTMLMarqueeElement": "readonly",
        "HTMLMediaElement": "readonly",
        "HTMLMenuElement": "readonly",
        "HTMLMetaElement": "readonly",
        "HTMLMeterElement": "readonly",
        "HTMLModElement": "readonly",
        "HTMLOListElement": "readonly",
        "HTMLObjectElement": "readonly",
        "HTMLOptGroupElement": "readonly",
        "HTMLOptionElement": "readonly",
        "HTMLOptionsCollection": "readonly",
        "HTMLOutputElement": "readonly",
        "HTMLParagraphElement": "readonly",
        "HTMLParamElement": "readonly",
        "HTMLPictureElement": "readonly",
        "HTMLPreElement": "readonly",
        "HTMLProgressElement": "readonly",
        "HTMLQuoteElement": "readonly",
        "HTMLScriptElement": "readonly",
        "HTMLSelectElement": "readonly",
        "HTMLSlotElement": "readonly",
        "HTMLSourceElement": "readonly",
        "HTMLSpanElement": "readonly",
        "HTMLStyleElement": "readonly",
        "HTMLTableCaptionElement": "readonly",
        "HTMLTableCellElement": "readonly",
        "HTMLTableColElement": "readonly",
        "HTMLTableElement": "readonly",
        "HTMLTableRowElement": "readonly",
        "HTMLTableSectionElement": "readonly",
        "HTMLTemplateElement": "readonly",
        "HTMLTextAreaElement": "readonly",
        "HTMLTimeElement": "readonly",
        "HTMLTitleElement": "readonly",
        "HTMLTrackElement": "readonly",
        "HTMLUListElement": "readonly",
        "HTMLUnknownElement": "readonly",
        "HTMLVideoElement": "readonly",
        "HashChangeEvent": "readonly",
        "Headers": "readonly",
        "Highlight": "readonly",
        "HighlightRegistry": "readonly",
        "History": "readonly",
        "IDBCursor": "readonly",
        "IDBCursorWithValue": "readonly",
        "IDBDatabase": "readonly",
        "IDBFactory": "readonly",
        "IDBIndex": "readonly",
        "IDBKeyRange": "readonly",
        "IDBObjectStore": "readonly",
        "IDBOpenDBRequest": "readonly",
        "IDBRequest": "readonly",
        "IDBTransaction": "readonly",
        "IDBVersionChangeEvent": "readonly",
        "IIRFilterNode": "readonly",
        "IdentityCredential": "readonly",
        "IdentityCredentialError": "readonly",
        "IdentityProvider": "readonly",
        "IdleDeadline": "readonly",
        "IdleDetector": "readonly",
        "Image": "readonly",
        "ImageBitmap": "readonly",
        "ImageBitmapRenderingContext": "readonly",
        "ImageCapture": "readonly",
        "ImageData": "readonly",
        "ImageDecoder": "readonly",
        "ImageTrack": "readonly",
        "ImageTrackList": "readonly",
        "Infinity": "readonly",
        "Ink": "readonly",
        "InputDeviceCapabilities": "readonly",
        "InputDeviceInfo": "readonly",
        "InputEvent": "readonly",
        "Int16Array": "readonly",
        "Int32Array": "readonly",
        "Int8Array": "readonly",
        "IntersectionObserver": "readonly",
        "IntersectionObserverEntry": "readonly",
        "Intl": "readonly",
        "Iterator": "readonly",
        "JSON": "readonly",
        "Keyboard": "readonly",
        "KeyboardEvent": "readonly",
        "KeyboardLayoutMap": "readonly",
        "KeyframeEffect": "readonly",
        "LargestContentfulPaint": "readonly",
        "LaunchParams": "readonly",
        "LaunchQueue": "readonly",
        "LayoutShift": "readonly",
        "LayoutShiftAttribution": "readonly",
        "LinearAccelerationSensor": "readonly",
        "Location": "readonly",
        "Lock": "readonly",
        "LockManager": "readonly",
        "MIDIAccess": "readonly",
        "MIDIConnectionEvent": "readonly",
        "MIDIInput": "readonly",
        "MIDIInputMap": "readonly",
        "MIDIMessageEvent": "readonly",
        "MIDIOutput": "readonly",
        "MIDIOutputMap": "readonly",
        "MIDIPort": "readonly",
        "Map": "readonly",
        "Math": "readonly",
        "MathMLElement": "readonly",
        "MediaCapabilities": "readonly",
        "MediaCapabilitiesInfo": "readonly",
        "MediaDeviceInfo": "readonly",
        "MediaDevices": "readonly",
        "MediaElementAudioSourceNode": "readonly",
        "MediaEncryptedEvent": "readonly",
        "MediaError": "readonly",
        "MediaKeyError": "readonly",
        "MediaKeyMessageEvent": "readonly",
        "MediaKeySession": "readonly",
        "MediaKeyStatusMap": "readonly",
        "MediaKeySystemAccess": "readonly",
        "MediaKeys": "readonly",
        "MediaList": "readonly",
        "MediaMetadata": "readonly",
        "MediaQueryList": "readonly",
        "MediaQueryListEvent": "readonly",
        "MediaRecorder": "readonly",
        "MediaRecorderErrorEvent": "readonly",
        "MediaSession": "readonly",
        "MediaSource": "readonly",
        "MediaSourceHandle": "readonly",
        "MediaStream": "readonly",
        "MediaStreamAudioDestinationNode": "readonly",
        "MediaStreamAudioSourceNode": "readonly",
        "MediaStreamEvent": "readonly",
        "MediaStreamTrack": "readonly",
        "MediaStreamTrackAudioSourceNode": "readonly",
        "MediaStreamTrackAudioStats": "readonly",
        "MediaStreamTrackEvent": "readonly",
        "MediaStreamTrackGenerator": "readonly",
        "MediaStreamTrackProcessor": "readonly",
        "MediaStreamTrackVideoStats": "readonly",
        "MessageChannel": "readonly",
        "MessageEvent": "readonly",
        "MessagePort": "readonly",
        "MimeType": "readonly",
        "MimeTypeArray": "readonly",
        "ModelGenericSession": "readonly",
        "ModelManager": "readonly",
        "MouseEvent": "readonly",
        "MutationEvent": "readonly",
        "MutationObserver": "readonly",
        "MutationRecord": "readonly",
        "NaN": "readonly",
        "NamedNodeMap": "readonly",
        "NavigateEvent": "readonly",
        "Navigation": "readonly",
        "NavigationActivation": "readonly",
        "NavigationCurrentEntryChangeEvent": "readonly",
        "NavigationDestination": "readonly",
        "NavigationHistoryEntry": "readonly",
        "NavigationPreloadManager": "readonly",
        "NavigationTransition": "readonly",
        "Navigator": "readonly",
        "NavigatorLogin": "readonly",
        "NavigatorManagedData": "readonly",
        "NavigatorUAData": "readonly",
        "NetworkInformation": "readonly",
        "Node": "readonly",
        "NodeFilter": "readonly",
        "NodeIterator": "readonly",
        "NodeList": "readonly",
        "NotRestoredReasonDetails": "readonly",
        "NotRestoredReasons": "readonly",
        "Notification": "readonly",
        "NotifyPaintEvent": "readonly",
        "Number": "readonly",
        "OTPCredential": "readonly",
        "Object": "readonly",
        "OfflineAudioCompletionEvent": "readonly",
        "OfflineAudioContext": "readonly",
        "OffscreenCanvas": "readonly",
        "OffscreenCanvasRenderingContext2D": "readonly",
        "Option": "readonly",
        "OrientationSensor": "readonly",
        "OscillatorNode": "readonly",
        "OverconstrainedError": "readonly",
        "PERSISTENT": "readonly",
        "PageRevealEvent": "readonly",
        "PageSwapEvent": "readonly",
        "PageTransitionEvent": "readonly",
        "PannerNode": "readonly",
        "PasswordCredential": "readonly",
        "Path2D": "readonly",
        "PaymentAddress": "readonly",
        "PaymentManager": "readonly",
        "PaymentMethodChangeEvent": "readonly",
        "PaymentRequest": "readonly",
        "PaymentRequestUpdateEvent": "readonly",
        "PaymentResponse": "readonly",
        "Performance": "readonly",
        "PerformanceElementTiming": "readonly",
        "PerformanceEntry": "readonly",
        "PerformanceEventTiming": "readonly",
        "PerformanceLongAnimationFrameTiming": "readonly",
        "PerformanceLongTaskTiming": "readonly",
        "PerformanceMark": "readonly",
        "PerformanceMeasure": "readonly",
        "PerformanceNavigation": "readonly",
        "PerformanceNavigationTiming": "readonly",
        "PerformanceObserver": "readonly",
        "PerformanceObserverEntryList": "readonly",
        "PerformancePaintTiming": "readonly",
        "PerformanceResourceTiming": "readonly",
        "PerformanceScriptTiming": "readonly",
        "PerformanceServerTiming": "readonly",
        "PerformanceTiming": "readonly",
        "PeriodicSyncManager": "readonly",
        "PeriodicWave": "readonly",
        "PermissionStatus": "readonly",
        "Permissions": "readonly",
        "PictureInPictureEvent": "readonly",
        "PictureInPictureWindow": "readonly",
        "Plugin": "readonly",
        "PluginArray": "readonly",
        "PointerEvent": "readonly",
        "PopStateEvent": "readonly",
        "Presentation": "readonly",
        "PresentationAvailability": "readonly",
        "PresentationConnection": "readonly",
        "PresentationConnectionAvailableEvent": "readonly",
        "PresentationConnectionCloseEvent": "readonly",
        "PresentationConnectionList": "readonly",
        "PresentationReceiver": "readonly",
        "PresentationRequest": "readonly",
        "PressureObserver": "readonly",
        "PressureRecord": "readonly",
        "ProcessingInstruction": "readonly",
        "Profiler": "readonly",
        "ProgressEvent": "readonly",
        "Promise": "readonly",
        "PromiseRejectionEvent": "readonly",
        "ProtectedAudience": "readonly",
        "Proxy": "readonly",
        "PublicKeyCredential": "readonly",
        "PushManager": "readonly",
        "PushSubscription": "readonly",
        "PushSubscriptionOptions": "readonly",
        "RTCCertificate": "readonly",
        "RTCDTMFSender": "readonly",
        "RTCDTMFToneChangeEvent": "readonly",
        "RTCDataChannel": "readonly",
        "RTCDataChannelEvent": "readonly",
        "RTCDtlsTransport": "readonly",
        "RTCEncodedAudioFrame": "readonly",
        "RTCEncodedVideoFrame": "readonly",
        "RTCError": "readonly",
        "RTCErrorEvent": "readonly",
        "RTCIceCandidate": "readonly",
        "RTCIceTransport": "readonly",
        "RTCPeerConnection": "readonly",
        "RTCPeerConnectionIceErrorEvent": "readonly",
        "RTCPeerConnectionIceEvent": "readonly",
        "RTCRtpReceiver": "readonly",
        "RTCRtpScriptTransform": "readonly",
        "RTCRtpSender": "readonly",
        "RTCRtpTransceiver": "readonly",
        "RTCSctpTransport": "readonly",
        "RTCSessionDescription": "readonly",
        "RTCStatsReport": "readonly",
        "RTCTrackEvent": "readonly",
        "RadioNodeList": "readonly",
        "Range": "readonly",
        "RangeError": "readonly",
        "ReadableByteStreamController": "readonly",
        "ReadableStream": "readonly",
        "ReadableStreamBYOBReader": "readonly",
        "ReadableStreamBYOBRequest": "readonly",
        "ReadableStreamDefaultController": "readonly",
        "ReadableStreamDefaultReader": "readonly",
        "ReferenceError": "readonly",
        "Reflect": "readonly",
        "RegExp": "readonly",
        "RelativeOrientationSensor": "readonly",
        "RemotePlayback": "readonly",
        "ReportingObserver": "readonly",
        "Request": "readonly",
        "ResizeObserver": "readonly",
        "ResizeObserverEntry": "readonly",
        "ResizeObserverSize": "readonly",
        "Response": "readonly",
        "SVGAElement": "readonly",
        "SVGAngle": "readonly",
        "SVGAnimateElement": "readonly",
        "SVGAnimateMotionElement": "readonly",
        "SVGAnimateTransformElement": "readonly",
        "SVGAnimatedAngle": "readonly",
        "SVGAnimatedBoolean": "readonly",
        "SVGAnimatedEnumeration": "readonly",
        "SVGAnimatedInteger": "readonly",
        "SVGAnimatedLength": "readonly",
        "SVGAnimatedLengthList": "readonly",
        "SVGAnimatedNumber": "readonly",
        "SVGAnimatedNumberList": "readonly",
        "SVGAnimatedPreserveAspectRatio": "readonly",
        "SVGAnimatedRect": "readonly",
        "SVGAnimatedString": "readonly",
        "SVGAnimatedTransformList": "readonly",
        "SVGAnimationElement": "readonly",
        "SVGCircleElement": "readonly",
        "SVGClipPathElement": "readonly",
        "SVGComponentTransferFunctionElement": "readonly",
        "SVGDefsElement": "readonly",
        "SVGDescElement": "readonly",
        "SVGElement": "readonly",
        "SVGEllipseElement": "readonly",
        "SVGFEBlendElement": "readonly",
        "SVGFEColorMatrixElement": "readonly",
        "SVGFEComponentTransferElement": "readonly",
        "SVGFECompositeElement": "readonly",
        "SVGFEConvolveMatrixElement": "readonly",
        "SVGFEDiffuseLightingElement": "readonly",
        "SVGFEDisplacementMapElement": "readonly",
        "SVGFEDistantLightElement": "readonly",
        "SVGFEDropShadowElement": "readonly",
        "SVGFEFloodElement": "readonly",
        "SVGFEFuncAElement": "readonly",
        "SVGFEFuncBElement": "readonly",
        "SVGFEFuncGElement": "readonly",
        "SVGFEFuncRElement": "readonly",
        "SVGFEGaussianBlurElement": "readonly",
        "SVGFEImageElement": "readonly",
        "SVGFEMergeElement": "readonly",
        "SVGFEMergeNodeElement": "readonly",
        "SVGFEMorphologyElement": "readonly",
        "SVGFEOffsetElement": "readonly",
        "SVGFEPointLightElement": "readonly",
        "SVGFESpecularLightingElement": "readonly",
        "SVGFESpotLightElement": "readonly",
        "SVGFETileElement": "readonly",
        "SVGFETurbulenceElement": "readonly",
        "SVGFilterElement": "readonly",
        "SVGForeignObjectElement": "readonly",
        "SVGGElement": "readonly",
        "SVGGeometryElement": "readonly",
        "SVGGradientElement": "readonly",
        "SVGGraphicsElement": "readonly",
        "SVGImageElement": "readonly",
        "SVGLength": "readonly",
        "SVGLengthList": "readonly",
        "SVGLineElement": "readonly",
        "SVGLinearGradientElement": "readonly",
        "SVGMPathElement": "readonly",
        "SVGMarkerElement": "readonly",
        "SVGMaskElement": "readonly",
        "SVGMatrix": "readonly",
        "SVGMetadataElement": "readonly",
        "SVGNumber": "readonly",
        "SVGNumberList": "readonly",
        "SVGPathElement": "readonly",
        "SVGPatternElement": "readonly",
        "SVGPoint": "readonly",
        "SVGPointList": "readonly",
        "SVGPolygonElement": "readonly",
        "SVGPolylineElement": "readonly",
        "SVGPreserveAspectRatio": "readonly",
        "SVGRadialGradientElement": "readonly",
        "SVGRect": "readonly",
        "SVGRectElement": "readonly",
        "SVGSVGElement": "readonly",
        "SVGScriptElement": "readonly",
        "SVGSetElement": "readonly",
        "SVGStopElement": "readonly",
        "SVGStringList": "readonly",
        "SVGStyleElement": "readonly",
        "SVGSwitchElement": "readonly",
        "SVGSymbolElement": "readonly",
        "SVGTSpanElement": "readonly",
        "SVGTextContentElement": "readonly",
        "SVGTextElement": "readonly",
        "SVGTextPathElement": "readonly",
        "SVGTextPositioningElement": "readonly",
        "SVGTitleElement": "readonly",
        "SVGTransform": "readonly",
        "SVGTransformList": "readonly",
        "SVGUnitTypes": "readonly",
        "SVGUseElement": "readonly",
        "SVGViewElement": "readonly",
        "Scheduler": "readonly",
        "Scheduling": "readonly",
        "Screen": "readonly",
        "ScreenDetailed": "readonly",
        "ScreenDetails": "readonly",
        "ScreenOrientation": "readonly",
        "ScriptProcessorNode": "readonly",
        "ScrollTimeline": "readonly",
        "SecurityPolicyViolationEvent": "readonly",
        "Selection": "readonly",
        "Sensor": "readonly",
        "SensorErrorEvent": "readonly",
        "Serial": "readonly",
        "SerialPort": "readonly",
        "ServiceWorker": "readonly",
        "ServiceWorkerContainer": "readonly",
        "ServiceWorkerRegistration": "readonly",
        "Set": "readonly",
        "ShadowRoot": "readonly",
        "SharedArrayBuffer": "readonly",
        "SharedStorage": "readonly",
        "SharedStorageWorklet": "readonly",
        "SharedWorker": "readonly",
        "SourceBuffer": "readonly",
        "SourceBufferList": "readonly",
        "SpeechSynthesis": "readonly",
        "SpeechSynthesisErrorEvent": "readonly",
        "SpeechSynthesisEvent": "readonly",
        "SpeechSynthesisUtterance": "readonly",
        "SpeechSynthesisVoice": "readonly",
        "StaticRange": "readonly",
        "StereoPannerNode": "readonly",
        "Storage": "readonly",
        "StorageBucket": "readonly",
        "StorageBucketManager": "readonly",
        "StorageEvent": "readonly",
        "StorageManager": "readonly",
        "String": "readonly",
        "StylePropertyMap": "readonly",
        "StylePropertyMapReadOnly": "readonly",
        "StyleSheet": "readonly",
        "StyleSheetList": "readonly",
        "SubmitEvent": "readonly",
        "SubtleCrypto": "readonly",
        "Symbol": "readonly",
        "SyncManager": "readonly",
        "SyntaxError": "readonly",
        "TEMPORARY": "readonly",
        "TaskAttributionTiming": "readonly",
        "TaskController": "readonly",
        "TaskPriorityChangeEvent": "readonly",
        "TaskSignal": "readonly",
        "Text": "readonly",
        "TextDecoder": "readonly",
        "TextDecoderStream": "readonly",
        "TextEncoder": "readonly",
        "TextEncoderStream": "readonly",
        "TextEvent": "readonly",
        "TextFormat": "readonly",
        "TextFormatUpdateEvent": "readonly",
        "TextMetrics": "readonly",
        "TextTrack": "readonly",
        "TextTrackCue": "readonly",
        "TextTrackCueList": "readonly",
        "TextTrackList": "readonly",
        "TextUpdateEvent": "readonly",
        "TimeEvent": "readonly",
        "TimeRanges": "readonly",
        "ToggleEvent": "readonly",
        "Touch": "readonly",
        "TouchEvent": "readonly",
        "TouchList": "readonly",
        "TrackEvent": "readonly",
        "TransformStream": "readonly",
        "TransformStreamDefaultController": "readonly",
        "TransitionEvent": "readonly",
        "TreeWalker": "readonly",
        "TrustedHTML": "readonly",
        "TrustedScript": "readonly",
        "TrustedScriptURL": "readonly",
        "TrustedTypePolicy": "readonly",
        "TrustedTypePolicyFactory": "readonly",
        "TypeError": "readonly",
        "UIEvent": "readonly",
        "URIError": "readonly",
        "URL": "readonly",
        "URLPattern": "readonly",
        "URLSearchParams": "readonly",
        "USB": "readonly",
        "USBAlternateInterface": "readonly",
        "USBConfiguration": "readonly",
        "USBConnectionEvent": "readonly",
        "USBDevice": "readonly",
        "USBEndpoint": "readonly",
        "USBInTransferResult": "readonly",
        "USBInterface": "readonly",
        "USBIsochronousInTransferPacket": "readonly",
        "USBIsochronousInTransferResult": "readonly",
        "USBIsochronousOutTransferPacket": "readonly",
        "USBIsochronousOutTransferResult": "readonly",
        "USBOutTransferResult": "readonly",
        "Uint16Array": "readonly",
        "Uint32Array": "readonly",
        "Uint8Array": "readonly",
        "Uint8ClampedArray": "readonly",
        "UserActivation": "readonly",
        "VTTCue": "readonly",
        "VTTRegion": "readonly",
        "ValidityState": "readonly",
        "VideoColorSpace": "readonly",
        "VideoDecoder": "readonly",
        "VideoEncoder": "readonly",
        "VideoFrame": "readonly",
        "VideoPlaybackQuality": "readonly",
        "ViewTimeline": "readonly",
        "ViewTransition": "readonly",
        "ViewTransitionTypeSet": "readonly",
        "VirtualKeyboard": "readonly",
        "VirtualKeyboardGeometryChangeEvent": "readonly",
        "VisibilityStateEntry": "readonly",
        "VisualViewport": "readonly",
        "WGSLLanguageFeatures": "readonly",
        "WakeLock": "readonly",
        "WakeLockSentinel": "readonly",
        "WaveShaperNode": "readonly",
        "WeakMap": "readonly",
        "WeakRef": "readonly",
        "WeakSet": "readonly",
        "WebAssembly": "readonly",
        "WebGL2RenderingContext": "readonly",
        "WebGLActiveInfo": "readonly",
        "WebGLBuffer": "readonly",
        "WebGLContextEvent": "readonly",
        "WebGLFramebuffer": "readonly",
        "WebGLObject": "readonly",
        "WebGLProgram": "readonly",
        "WebGLQuery": "readonly",
        "WebGLRenderbuffer": "readonly",
        "WebGLRenderingContext": "readonly",
        "WebGLSampler": "readonly",
        "WebGLShader": "readonly",
        "WebGLShaderPrecisionFormat": "readonly",
        "WebGLSync": "readonly",
        "WebGLTexture": "readonly",
        "WebGLTransformFeedback": "readonly",
        "WebGLUniformLocation": "readonly",
        "WebGLVertexArrayObject": "readonly",
        "WebSocket": "readonly",
        "WebSocketError": "readonly",
        "WebSocketStream": "readonly",
        "WebTransport": "readonly",
        "WebTransportBidirectionalStream": "readonly",
        "WebTransportDatagramDuplexStream": "readonly",
        "WebTransportError": "readonly",
        "WebTransportReceiveStream": "readonly",
        "WebTransportSendStream": "readonly",
        "WheelEvent": "readonly",
        "Window": "readonly",
        "WindowControlsOverlay": "readonly",
        "WindowControlsOverlayGeometryChangeEvent": "readonly",
        "Worker": "readonly",
        "Worklet": "readonly",
        "WorkletGlobalScope": "readonly",
        "WritableStream": "readonly",
        "WritableStreamDefaultController": "readonly",
        "WritableStreamDefaultWriter": "readonly",
        "XMLDocument": "readonly",
        "XMLHttpRequest": "readonly",
        "XMLHttpRequestEventTarget": "readonly",
        "XMLHttpRequestUpload": "readonly",
        "XMLSerializer": "readonly",
        "XPathEvaluator": "readonly",
        "XPathExpression": "readonly",
        "XPathResult": "readonly",
        "XRAnchor": "readonly",
        "XRAnchorSet": "readonly",
        "XRBoundedReferenceSpace": "readonly",
        "XRCPUDepthInformation": "readonly",
        "XRCamera": "readonly",
        "XRDOMOverlayState": "readonly",
        "XRDepthInformation": "readonly",
        "XRFrame": "readonly",
        "XRHitTestResult": "readonly",
        "XRHitTestSource": "readonly",
        "XRInputSource": "readonly",
        "XRInputSourceArray": "readonly",
        "XRInputSourceEvent": "readonly",
        "XRInputSourcesChangeEvent": "readonly",
        "XRLayer": "readonly",
        "XRLightEstimate": "readonly",
        "XRLightProbe": "readonly",
        "XRPose": "readonly",
        "XRRay": "readonly",
        "XRReferenceSpace": "readonly",
        "XRReferenceSpaceEvent": "readonly",
        "XRRenderState": "readonly",
        "XRRigidTransform": "readonly",
        "XRSession": "readonly",
        "XRSessionEvent": "readonly",
        "XRSpace": "readonly",
        "XRSystem": "readonly",
        "XRTransientInputHitTestResult": "readonly",
        "XRTransientInputHitTestSource": "readonly",
        "XRView": "readonly",
        "XRViewerPose": "readonly",
        "XRViewport": "readonly",
        "XRWebGLBinding": "readonly",
        "XRWebGLDepthInformation": "readonly",
        "XRWebGLLayer": "readonly",
        "XSLTProcessor": "readonly",
        "__dirname": "readonly",
        "__filename": "readonly",
        "addEventListener": "readonly",
        "ai": "readonly",
        "alert": "readonly",
        "atob": "readonly",
        "blur": "readonly",
        "btoa": "readonly",
        "caches": "readonly",
        "cancelAnimationFrame": "readonly",
        "cancelIdleCallback": "readonly",
        "clearImmediate": "readonly",
        "clearInterval": "readonly",
        "clearTimeout": "readonly",
        "clientInformation": "readonly",
        "close": "readonly",
        "closed": "readonly",
        "confirm": "readonly",
        "console": "readonly",
        "cookieStore": "readonly",
        "createImageBitmap": "readonly",
        "credentialless": "readonly",
        "crossOriginIsolated": "readonly",
        "crypto": "readonly",
        "currentFrame": "readonly",
        "currentTime": "readonly",
        "customElements": "readonly",
        "decodeURI": "readonly",
        "decodeURIComponent": "readonly",
        "devicePixelRatio": "readonly",
        "dispatchEvent": "readonly",
        "document": "readonly",
        "documentPictureInPicture": "readonly",
        "encodeURI": "readonly",
        "encodeURIComponent": "readonly",
        "escape": "readonly",
        "eval": "readonly",
        "event": "readonly",
        "exports": "writable",
        "external": "readonly",
        "fence": "readonly",
        "fetch": "readonly",
        "fetchLater": "readonly",
        "find": "readonly",
        "focus": "readonly",
        "frameElement": "readonly",
        "frames": "readonly",
        "getComputedStyle": "readonly",
        "getScreenDetails": "readonly",
        "getSelection": "readonly",
        "global": "readonly",
        "globalThis": "readonly",
        "history": "readonly",
        "indexedDB": "readonly",
        "innerHeight": "readonly",
        "innerWidth": "readonly",
        "isFinite": "readonly",
        "isNaN": "readonly",
        "isSecureContext": "readonly",
        "launchQueue": "readonly",
        "length": "readonly",
        "localStorage": "readonly",
        "location": "writable",
        "locationbar": "readonly",
        "matchMedia": "readonly",
        "menubar": "readonly",
        "model": "readonly",
        "module": "readonly",
        "moveBy": "readonly",
        "moveTo": "readonly",
        "name": "readonly",
        "navigation": "readonly",
        "navigator": "readonly",
        "offscreenBuffering": "readonly",
        "onabort": "writable",
        "onafterprint": "writable",
        "onanimationcancel": "writable",
        "onanimationend": "writable",
        "onanimationiteration": "writable",
        "onanimationstart": "writable",
        "onappinstalled": "writable",
        "onauxclick": "writable",
        "onbeforeinput": "writable",
        "onbeforeinstallprompt": "writable",
        "onbeforematch": "writable",
        "onbeforeprint": "writable",
        "onbeforetoggle": "writable",
        "onbeforeunload": "writable",
        "onbeforexrselect": "writable",
        "onblur": "writable",
        "oncancel": "writable",
        "oncanplay": "writable",
        "oncanplaythrough": "writable",
        "onchange": "writable",
        "onclick": "writable",
        "onclose": "writable",
        "oncontentvisibilityautostatechange": "writable",
        "oncontextlost": "writable",
        "oncontextmenu": "writable",
        "oncontextrestored": "writable",
        "oncopy": "writable",
        "oncuechange": "writable",
        "oncut": "writable",
        "ondblclick": "writable",
        "ondevicemotion": "writable",
        "ondeviceorientation": "writable",
        "ondeviceorientationabsolute": "writable",
        "ondrag": "writable",
        "ondragend": "writable",
        "ondragenter": "writable",
        "ondragleave": "writable",
        "ondragover": "writable",
        "ondragstart": "writable",
        "ondrop": "writable",
        "ondurationchange": "writable",
        "onemptied": "writable",
        "onended": "writable",
        "onerror": "writable",
        "onfocus": "writable",
        "onformdata": "writable",
        "ongamepadconnected": "writable",
        "ongamepaddisconnected": "writable",
        "ongotpointercapture": "writable",
        "onhashchange": "writable",
        "oninput": "writable",
        "oninvalid": "writable",
        "onkeydown": "writable",
        "onkeypress": "writable",
        "onkeyup": "writable",
        "onlanguagechange": "writable",
        "onload": "writable",
        "onloadeddata": "writable",
        "onloadedmetadata": "writable",
        "onloadstart": "writable",
        "onlostpointercapture": "writable",
        "onmessage": "writable",
        "onmessageerror": "writable",
        "onmousedown": "writable",
        "onmouseenter": "writable",
        "onmouseleave": "writable",
        "onmousemove": "writable",
        "onmouseout": "writable",
        "onmouseover": "writable",
        "onmouseup": "writable",
        "onmousewheel": "writable",
        "onoffline": "writable",
        "ononline": "writable",
        "onpagehide": "writable",
        "onpagereveal": "writable",
        "onpageshow": "writable",
        "onpageswap": "writable",
        "onpaste": "writable",
        "onpause": "writable",
        "onplay": "writable",
        "onplaying": "writable",
        "onpointercancel": "writable",
        "onpointerdown": "writable",
        "onpointerenter": "writable",
        "onpointerleave": "writable",
        "onpointermove": "writable",
        "onpointerout": "writable",
        "onpointerover": "writable",
        "onpointerrawupdate": "writable",
        "onpointerup": "writable",
        "onpopstate": "writable",
        "onprogress": "writable",
        "onratechange": "writable",
        "onrejectionhandled": "writable",
        "onreset": "writable",
        "onresize": "writable",
        "onscroll": "writable",
        "onscrollend": "writable",
        "onsearch": "writable",
        "onsecuritypolicyviolation": "writable",
        "onseeked": "writable",
        "onseeking": "writable",
        "onselect": "writable",
        "onselectionchange": "writable",
        "onselectstart": "writable",
        "onslotchange": "writable",
        "onstalled": "writable",
        "onstorage": "writable",
        "onsubmit": "writable",
        "onsuspend": "writable",
        "ontimeupdate": "writable",
        "ontoggle": "writable",
        "ontransitioncancel": "writable",
        "ontransitionend": "writable",
        "ontransitionrun": "writable",
        "ontransitionstart": "writable",
        "onunhandledrejection": "writable",
        "onunload": "writable",
        "onvolumechange": "writable",
        "onwaiting": "writable",
        "onwheel": "writable",
        "open": "readonly",
        "opener": "readonly",
        "origin": "readonly",
        "originAgentCluster": "readonly",
        "outerHeight": "readonly",
        "outerWidth": "readonly",
        "pageXOffset": "readonly",
        "pageYOffset": "readonly",
        "parent": "readonly",
        "parseFloat": "readonly",
        "parseInt": "readonly",
        "performance": "readonly",
        "personalbar": "readonly",
        "postMessage": "readonly",
        "print": "readonly",
        "process": "readonly",
        "prompt": "readonly",
        "queryLocalFonts": "readonly",
        "queueMicrotask": "readonly",
        "registerProcessor": "readonly",
        "removeEventListener": "readonly",
        "reportError": "readonly",
        "requestAnimationFrame": "readonly",
        "requestIdleCallback": "readonly",
        "require": "readonly",
        "resizeBy": "readonly",
        "resizeTo": "readonly",
        "sampleRate": "readonly",
        "scheduler": "readonly",
        "screen": "readonly",
        "screenLeft": "readonly",
        "screenTop": "readonly",
        "screenX": "readonly",
        "screenY": "readonly",
        "scroll": "readonly",
        "scrollBy": "readonly",
        "scrollTo": "readonly",
        "scrollX": "readonly",
        "scrollY": "readonly",
        "scrollbars": "readonly",
        "self": "readonly",
        "sessionStorage": "readonly",
        "setImmediate": "readonly",
        "setInterval": "readonly",
        "setTimeout": "readonly",
        "sharedStorage": "readonly",
        "showDirectoryPicker": "readonly",
        "showOpenFilePicker": "readonly",
        "showSaveFilePicker": "readonly",
        "speechSynthesis": "readonly",
        "status": "readonly",
        "statusbar": "readonly",
        "stop": "readonly",
        "structuredClone": "readonly",
        "styleMedia": "readonly",
        "toolbar": "readonly",
        "top": "readonly",
        "trustedTypes": "readonly",
        "undefined": "readonly",
        "unescape": "readonly",
        "visualViewport": "readonly",
        "window": "readonly",
      },
      "parserOptions": {
        "ecmaFeatures": {
          "jsx": false,
        },
      },
      "sourceType": "module",
    },
    "name": "base",
    "plugins": {
      "@stylistic": true,
      "import": true,
      "levitate": true,
      "node": true,
      "promise": true,
      "unicorn": true,
    },
    "rules": {
      "@stylistic/array-bracket-newline": [
        "error",
        "consistent",
      ],
      "@stylistic/array-bracket-spacing": [
        "error",
        "never",
      ],
      "@stylistic/array-element-newline": [
        "error",
        "consistent",
      ],
      "@stylistic/arrow-parens": [
        "error",
        "as-needed",
      ],
      "@stylistic/arrow-spacing": "error",
      "@stylistic/block-spacing": [
        "error",
        "always",
      ],
      "@stylistic/brace-style": "error",
      "@stylistic/comma-dangle": [
        "error",
        "always-multiline",
      ],
      "@stylistic/comma-spacing": [
        "error",
        {
          "after": true,
          "before": false,
        },
      ],
      "@stylistic/comma-style": [
        "error",
        "last",
      ],
      "@stylistic/computed-property-spacing": [
        "error",
        "never",
      ],
      "@stylistic/dot-location": [
        "error",
        "property",
      ],
      "@stylistic/eol-last": [
        "error",
        "always",
      ],
      "@stylistic/func-call-spacing": [
        "error",
        "never",
      ],
      "@stylistic/function-call-argument-newline": [
        "error",
        "consistent",
      ],
      "@stylistic/function-call-spacing": [
        "error",
        "never",
      ],
      "@stylistic/function-paren-newline": [
        "error",
        "multiline",
      ],
      "@stylistic/generator-star-spacing": [
        "error",
        {
          "after": true,
          "before": false,
        },
      ],
      "@stylistic/indent": [
        "error",
        2,
        {
          "SwitchCase": 1,
        },
      ],
      "@stylistic/indent-binary-ops": [
        "error",
        2,
      ],
      "@stylistic/key-spacing": [
        "error",
        {
          "afterColon": true,
          "beforeColon": false,
        },
      ],
      "@stylistic/keyword-spacing": [
        "error",
        {
          "after": true,
          "before": true,
        },
      ],
      "@stylistic/line-comment-position": [
        "error",
        {
          "position": "above",
        },
      ],
      "@stylistic/linebreak-style": [
        "error",
        "unix",
      ],
      "@stylistic/lines-around-comment": "off",
      "@stylistic/lines-between-class-members": [
        "error",
        "always",
        {
          "exceptAfterSingleLine": true,
        },
      ],
      "@stylistic/max-statements-per-line": [
        "error",
        {
          "max": 1,
        },
      ],
      "@stylistic/multiline-comment-style": [
        "error",
        "separate-lines",
      ],
      "@stylistic/new-parens": [
        "error",
        "always",
      ],
      "@stylistic/no-confusing-arrow": "error",
      "@stylistic/no-extra-parens": [
        "error",
        "functions",
      ],
      "@stylistic/no-floating-decimal": "error",
      "@stylistic/no-mixed-operators": "error",
      "@stylistic/no-mixed-spaces-and-tabs": "error",
      "@stylistic/no-multi-spaces": "error",
      "@stylistic/no-multiple-empty-lines": [
        "error",
        {
          "max": 1,
          "maxBOF": 0,
          "maxEOF": 1,
        },
      ],
      "@stylistic/no-trailing-spaces": "error",
      "@stylistic/no-whitespace-before-property": "error",
      "@stylistic/nonblock-statement-body-position": [
        "error",
        "beside",
      ],
      "@stylistic/object-curly-newline": [
        "error",
        {
          "ExportDeclaration": {
            "consistent": true,
            "multiline": true,
          },
          "ImportDeclaration": "never",
          "ObjectExpression": {
            "consistent": true,
            "multiline": true,
          },
          "ObjectPattern": "never",
        },
      ],
      "@stylistic/object-curly-spacing": [
        "error",
        "always",
      ],
      "@stylistic/object-property-newline": "error",
      "@stylistic/operator-linebreak": [
        "error",
        "after",
        {
          "overrides": {
            ":": "before",
            "?": "before",
            "|>": "before",
          },
        },
      ],
      "@stylistic/padding-line-between-statements": [
        "error",
        {
          "blankLine": "always",
          "next": "*",
          "prev": "directive",
        },
        {
          "blankLine": "always",
          "next": "block-like",
          "prev": "*",
        },
        {
          "blankLine": "never",
          "next": "block-like",
          "prev": [
            "singleline-const",
            "singleline-let",
            "singleline-var",
          ],
        },
        {
          "blankLine": "never",
          "next": "case",
          "prev": "case",
        },
        {
          "blankLine": "always",
          "next": "*",
          "prev": "block-like",
        },
        {
          "blankLine": "always",
          "next": [
            "function",
            "try",
          ],
          "prev": "*",
        },
        {
          "blankLine": "always",
          "next": [
            "const",
            "let",
            "var",
            "export",
            "cjs-export",
            "return",
            "throw",
            "break",
            "continue",
          ],
          "prev": "expression",
        },
      ],
      "@stylistic/quote-props": [
        "error",
        "as-needed",
      ],
      "@stylistic/quotes": [
        "error",
        "single",
      ],
      "@stylistic/rest-spread-spacing": [
        "error",
        "never",
      ],
      "@stylistic/semi": [
        "error",
        "never",
      ],
      "@stylistic/semi-spacing": [
        "error",
        {
          "after": true,
          "before": false,
        },
      ],
      "@stylistic/space-before-blocks": [
        "error",
        "always",
      ],
      "@stylistic/space-before-function-paren": [
        "error",
        {
          "anonymous": "always",
          "asyncArrow": "always",
          "named": "never",
        },
      ],
      "@stylistic/space-in-parens": [
        "error",
        "never",
      ],
      "@stylistic/space-infix-ops": "error",
      "@stylistic/space-unary-ops": [
        "error",
        {
          "nonwords": false,
          "words": true,
        },
      ],
      "@stylistic/spaced-comment": [
        "error",
        "always",
        {
          "block": {
            "balanced": true,
            "exceptions": [
              "*",
            ],
            "markers": [
              "*package",
              "!",
              ",",
              ":",
              "::",
              "flow-include",
            ],
          },
          "line": {
            "markers": [
              "*package",
              "!",
              "/",
              ",",
              "=",
            ],
          },
        },
      ],
      "@stylistic/switch-colon-spacing": [
        "error",
        {
          "after": true,
          "before": false,
        },
      ],
      "@stylistic/template-curly-spacing": [
        "error",
        "never",
      ],
      "@stylistic/template-tag-spacing": [
        "error",
        "never",
      ],
      "@stylistic/wrap-iife": [
        "error",
        "any",
        {
          "functionPrototypeMethods": true,
        },
      ],
      "@stylistic/yield-star-spacing": [
        "error",
        "after",
      ],
      "camelcase": "warn",
      "consistent-return": "error",
      "constructor-super": "error",
      "curly": [
        "error",
        "all",
      ],
      "dot-notation": [
        "error",
        {
          "allowKeywords": true,
        },
      ],
      "eqeqeq": [
        "error",
        "always",
        {
          "null": "ignore",
        },
      ],
      "import/export": "error",
      "import/first": "error",
      "import/named": "error",
      "import/no-absolute-path": [
        "error",
        {
          "amd": false,
          "commonjs": true,
          "esmodule": true,
        },
      ],
      "import/no-duplicates": "error",
      "import/no-named-default": "error",
      "import/no-useless-path-segments": "error",
      "levitate/comment": "warn",
      "levitate/consecutive-block-new-line": "error",
      "levitate/import-convention": [
        "error",
        {
          "default": "$",
          "path": "^jquery$",
        },
      ],
      "levitate/parameter-new-line": "error",
      "levitate/sort-imports": [
        "error",
        "manta",
      ],
      "max-nested-callbacks": [
        "error",
        4,
      ],
      "new-cap": [
        "error",
        {
          "capIsNew": false,
          "newIsCap": true,
          "properties": true,
        },
      ],
      "no-array-constructor": "error",
      "no-async-promise-executor": "error",
      "no-compare-neg-zero": "error",
      "no-cond-assign": "error",
      "no-constant-condition": [
        "error",
        {
          "checkLoops": false,
        },
      ],
      "no-control-regex": "error",
      "no-debugger": "error",
      "no-delete-var": "error",
      "no-dupe-args": "error",
      "no-dupe-class-members": "error",
      "no-dupe-keys": "error",
      "no-duplicate-case": "error",
      "no-else-return": "error",
      "no-empty": "error",
      "no-empty-character-class": "error",
      "no-empty-pattern": "error",
      "no-eval": "error",
      "no-ex-assign": "error",
      "no-extend-native": "error",
      "no-extra-bind": "error",
      "no-extra-boolean-cast": "error",
      "no-fallthrough": "error",
      "no-func-assign": "error",
      "no-global-assign": "error",
      "no-implicit-coercion": [
        "error",
        {
          "allow": [
            "!!",
          ],
        },
      ],
      "no-implied-eval": "error",
      "no-inner-declarations": [
        "error",
        "functions",
      ],
      "no-invalid-regexp": "error",
      "no-irregular-whitespace": "error",
      "no-iterator": "error",
      "no-labels": [
        "error",
        {
          "allowLoop": false,
          "allowSwitch": false,
        },
      ],
      "no-lone-blocks": "error",
      "no-misleading-character-class": "error",
      "no-multi-str": "error",
      "no-nested-ternary": "error",
      "no-new": "error",
      "no-new-func": "error",
      "no-new-native-nonconstructor": "error",
      "no-new-wrappers": "error",
      "no-obj-calls": "error",
      "no-object-constructor": "error",
      "no-octal": "error",
      "no-octal-escape": "error",
      "no-promise-executor-return": "error",
      "no-proto": "error",
      "no-prototype-builtins": "error",
      "no-redeclare": [
        "error",
        {
          "builtinGlobals": false,
        },
      ],
      "no-regex-spaces": "error",
      "no-return-assign": [
        "error",
        "except-parens",
      ],
      "no-self-assign": [
        "error",
        {
          "props": true,
        },
      ],
      "no-self-compare": "error",
      "no-sequences": "error",
      "no-shadow-restricted-names": "error",
      "no-sparse-arrays": "error",
      "no-template-curly-in-string": "warn",
      "no-this-before-super": "error",
      "no-throw-literal": "error",
      "no-undef": "error",
      "no-undef-init": "error",
      "no-unexpected-multiline": "error",
      "no-unmodified-loop-condition": "error",
      "no-unneeded-ternary": [
        "error",
        {
          "defaultAssignment": false,
        },
      ],
      "no-unreachable": "error",
      "no-unsafe-finally": "error",
      "no-unsafe-negation": "error",
      "no-unused-expressions": [
        "error",
        {
          "allowShortCircuit": true,
          "allowTaggedTemplates": true,
          "allowTernary": true,
        },
      ],
      "no-unused-vars": [
        "error",
        {
          "args": "none",
          "ignoreRestSiblings": true,
          "vars": "all",
        },
      ],
      "no-use-before-define": [
        "error",
        {
          "classes": false,
          "functions": false,
          "variables": false,
        },
      ],
      "no-useless-call": "error",
      "no-useless-catch": "error",
      "no-useless-computed-key": "error",
      "no-useless-rename": "error",
      "no-useless-return": "error",
      "no-var": "error",
      "no-with": "error",
      "node/handle-callback-err": [
        "error",
        "error",
      ],
      "node/no-deprecated-api": "warn",
      "node/no-new-require": "error",
      "node/no-path-concat": "error",
      "node/process-exit-as-throw": "error",
      "object-shorthand": [
        "error",
        "properties",
      ],
      "prefer-arrow-callback": "error",
      "prefer-const": "error",
      "prefer-promise-reject-errors": "error",
      "promise/param-names": "error",
      "symbol-description": "error",
      "unicode-bom": [
        "error",
        "never",
      ],
      "unicorn/catch-error-name": [
        "error",
        {
          "name": "error",
        },
      ],
      "unicorn/error-message": "error",
      "unicorn/escape-case": "error",
      "unicorn/explicit-length-check": [
        "error",
        {
          "non-zero": "greater-than",
        },
      ],
      "unicorn/import-index": "error",
      "unicorn/no-for-loop": "error",
      "unicorn/no-unreadable-array-destructuring": "error",
      "unicorn/number-literal-case": "error",
      "unicorn/prefer-event-key": "error",
      "unicorn/throw-new-error": "error",
      "use-isnan": "error",
      "valid-typeof": [
        "error",
        {
          "requireStringLiterals": true,
        },
      ],
      "yoda": [
        "error",
        "never",
      ],
    },
  },
  {
    "languageOptions": {
      "globals": {
        "$": "readonly",
        "jQuery": "readonly",
      },
    },
    "name": "jquery",
  },
]