[
  {
    "languageOptions": {
      "ecmaVersion": 2023,
      "globals": {
        "AbortController": "readonly",
        "AbortSignal": "readonly",
        "AggregateError": "readonly",
        "Array": "readonly",
        "ArrayBuffer": "readonly",
        "Atomics": "readonly",
        "BigInt": "readonly",
        "BigInt64Array": "readonly",
        "BigUint64Array": "readonly",
        "Blob": "readonly",
        "Boolean": "readonly",
        "BroadcastChannel": "readonly",
        "Buffer": "readonly",
        "ByteLengthQueuingStrategy": "readonly",
        "CompressionStream": "readonly",
        "CountQueuingStrategy": "readonly",
        "Crypto": "readonly",
        "CryptoKey": "readonly",
        "CustomEvent": "readonly",
        "DOMException": "readonly",
        "DataView": "readonly",
        "Date": "readonly",
        "DecompressionStream": "readonly",
        "Error": "readonly",
        "EvalError": "readonly",
        "Event": "readonly",
        "EventTarget": "readonly",
        "File": "readonly",
        "FinalizationRegistry": "readonly",
        "Float32Array": "readonly",
        "Float64Array": "readonly",
        "FormData": "readonly",
        "Function": "readonly",
        "Headers": "readonly",
        "Infinity": "readonly",
        "Int16Array": "readonly",
        "Int32Array": "readonly",
        "Int8Array": "readonly",
        "Intl": "readonly",
        "Iterator": "readonly",
        "JSON": "readonly",
        "Map": "readonly",
        "Math": "readonly",
        "MessageChannel": "readonly",
        "MessageEvent": "readonly",
        "MessagePort": "readonly",
        "NaN": "readonly",
        "Navigator": "readonly",
        "Number": "readonly",
        "Object": "readonly",
        "Performance": "readonly",
        "PerformanceEntry": "readonly",
        "PerformanceMark": "readonly",
        "PerformanceMeasure": "readonly",
        "PerformanceObserver": "readonly",
        "PerformanceObserverEntryList": "readonly",
        "PerformanceResourceTiming": "readonly",
        "Promise": "readonly",
        "Proxy": "readonly",
        "RangeError": "readonly",
        "ReadableByteStreamController": "readonly",
        "ReadableStream": "readonly",
        "ReadableStreamBYOBReader": "readonly",
        "ReadableStreamBYOBRequest": "readonly",
        "ReadableStreamDefaultController": "readonly",
        "ReadableStreamDefaultReader": "readonly",
        "ReferenceError": "readonly",
        "Reflect": "readonly",
        "RegExp": "readonly",
        "Request": "readonly",
        "Response": "readonly",
        "Set": "readonly",
        "SharedArrayBuffer": "readonly",
        "String": "readonly",
        "SubtleCrypto": "readonly",
        "Symbol": "readonly",
        "SyntaxError": "readonly",
        "TextDecoder": "readonly",
        "TextDecoderStream": "readonly",
        "TextEncoder": "readonly",
        "TextEncoderStream": "readonly",
        "TransformStream": "readonly",
        "TransformStreamDefaultController": "readonly",
        "TypeError": "readonly",
        "URIError": "readonly",
        "URL": "readonly",
        "URLSearchParams": "readonly",
        "Uint16Array": "readonly",
        "Uint32Array": "readonly",
        "Uint8Array": "readonly",
        "Uint8ClampedArray": "readonly",
        "WeakMap": "readonly",
        "WeakRef": "readonly",
        "WeakSet": "readonly",
        "WebAssembly": "readonly",
        "WebSocket": "readonly",
        "WritableStream": "readonly",
        "WritableStreamDefaultController": "readonly",
        "WritableStreamDefaultWriter": "readonly",
        "__dirname": "readonly",
        "__filename": "readonly",
        "atob": "readonly",
        "btoa": "readonly",
        "clearImmediate": "readonly",
        "clearInterval": "readonly",
        "clearTimeout": "readonly",
        "console": "readonly",
        "crypto": "readonly",
        "decodeURI": "readonly",
        "decodeURIComponent": "readonly",
        "encodeURI": "readonly",
        "encodeURIComponent": "readonly",
        "escape": "readonly",
        "eval": "readonly",
        "exports": "writable",
        "fetch": "readonly",
        "global": "readonly",
        "globalThis": "readonly",
        "isFinite": "readonly",
        "isNaN": "readonly",
        "module": "readonly",
        "navigator": "readonly",
        "parseFloat": "readonly",
        "parseInt": "readonly",
        "performance": "readonly",
        "process": "readonly",
        "queueMicrotask": "readonly",
        "require": "readonly",
        "setImmediate": "readonly",
        "setInterval": "readonly",
        "setTimeout": "readonly",
        "structuredClone": "readonly",
        "undefined": "readonly",
        "unescape": "readonly",
      },
      "parserOptions": {
        "ecmaFeatures": {
          "jsx": false,
        },
      },
      "sourceType": "commonjs",
    },
    "name": "base",
    "plugins": {
      "@stylistic": true,
      "import": true,
      "levitate": true,
      "node": true,
      "promise": true,
      "unicorn": true,
    },
    "rules": {
      "@stylistic/array-bracket-newline": [
        "error",
        "consistent",
      ],
      "@stylistic/array-bracket-spacing": [
        "error",
        "never",
      ],
      "@stylistic/array-element-newline": [
        "error",
        "consistent",
      ],
      "@stylistic/arrow-parens": [
        "error",
        "as-needed",
      ],
      "@stylistic/arrow-spacing": "error",
      "@stylistic/block-spacing": [
        "error",
        "always",
      ],
      "@stylistic/brace-style": "error",
      "@stylistic/comma-dangle": [
        "error",
        "always-multiline",
      ],
      "@stylistic/comma-spacing": [
        "error",
        {
          "after": true,
          "before": false,
        },
      ],
      "@stylistic/comma-style": [
        "error",
        "last",
      ],
      "@stylistic/computed-property-spacing": [
        "error",
        "never",
      ],
      "@stylistic/dot-location": [
        "error",
        "property",
      ],
      "@stylistic/eol-last": [
        "error",
        "always",
      ],
      "@stylistic/func-call-spacing": [
        "error",
        "never",
      ],
      "@stylistic/function-call-argument-newline": [
        "error",
        "consistent",
      ],
      "@stylistic/function-call-spacing": [
        "error",
        "never",
      ],
      "@stylistic/function-paren-newline": [
        "error",
        "multiline",
      ],
      "@stylistic/generator-star-spacing": [
        "error",
        {
          "after": true,
          "before": false,
        },
      ],
      "@stylistic/indent": [
        "error",
        2,
        {
          "SwitchCase": 1,
        },
      ],
      "@stylistic/indent-binary-ops": [
        "error",
        2,
      ],
      "@stylistic/key-spacing": [
        "error",
        {
          "afterColon": true,
          "beforeColon": false,
        },
      ],
      "@stylistic/keyword-spacing": [
        "error",
        {
          "after": true,
          "before": true,
        },
      ],
      "@stylistic/line-comment-position": [
        "error",
        {
          "position": "above",
        },
      ],
      "@stylistic/linebreak-style": [
        "error",
        "unix",
      ],
      "@stylistic/lines-around-comment": [
        "error",
        {
          "afterBlockComment": false,
          "afterLineComment": false,
          "allowArrayStart": true,
          "allowBlockStart": true,
          "allowClassStart": true,
          "allowEnumStart": true,
          "allowInterfaceStart": true,
          "allowModuleStart": true,
          "allowObjectStart": true,
          "allowTypeStart": true,
          "beforeBlockComment": true,
          "beforeLineComment": true,
        },
      ],
      "@stylistic/lines-between-class-members": [
        "error",
        "always",
        {
          "exceptAfterSingleLine": true,
        },
      ],
      "@stylistic/max-statements-per-line": [
        "error",
        {
          "max": 1,
        },
      ],
      "@stylistic/multiline-comment-style": [
        "error",
        "separate-lines",
      ],
      "@stylistic/new-parens": [
        "error",
        "always",
      ],
      "@stylistic/no-confusing-arrow": "error",
      "@stylistic/no-extra-parens": [
        "error",
        "functions",
      ],
      "@stylistic/no-floating-decimal": "error",
      "@stylistic/no-mixed-operators": "error",
      "@stylistic/no-mixed-spaces-and-tabs": "error",
      "@stylistic/no-multi-spaces": "error",
      "@stylistic/no-multiple-empty-lines": [
        "error",
        {
          "max": 1,
          "maxBOF": 0,
          "maxEOF": 1,
        },
      ],
      "@stylistic/no-trailing-spaces": "error",
      "@stylistic/no-whitespace-before-property": "error",
      "@stylistic/nonblock-statement-body-position": [
        "error",
        "beside",
      ],
      "@stylistic/object-curly-newline": [
        "error",
        {
          "ExportDeclaration": {
            "consistent": true,
            "multiline": true,
          },
          "ImportDeclaration": "never",
          "ObjectExpression": {
            "consistent": true,
            "multiline": true,
          },
          "ObjectPattern": "never",
        },
      ],
      "@stylistic/object-curly-spacing": [
        "error",
        "always",
      ],
      "@stylistic/object-property-newline": "error",
      "@stylistic/operator-linebreak": [
        "error",
        "after",
        {
          "overrides": {
            ":": "before",
            "?": "before",
            "|>": "before",
          },
        },
      ],
      "@stylistic/padding-line-between-statements": [
        "error",
        {
          "blankLine": "always",
          "next": "*",
          "prev": "directive",
        },
        {
          "blankLine": "always",
          "next": "block-like",
          "prev": "*",
        },
        {
          "blankLine": "never",
          "next": "block-like",
          "prev": [
            "singleline-const",
            "singleline-let",
            "singleline-var",
          ],
        },
        {
          "blankLine": "never",
          "next": "case",
          "prev": "case",
        },
        {
          "blankLine": "always",
          "next": "*",
          "prev": "block-like",
        },
        {
          "blankLine": "always",
          "next": [
            "function",
            "try",
          ],
          "prev": "*",
        },
        {
          "blankLine": "always",
          "next": [
            "const",
            "let",
            "var",
            "export",
            "cjs-export",
            "return",
            "throw",
            "break",
            "continue",
          ],
          "prev": "expression",
        },
      ],
      "@stylistic/quote-props": [
        "error",
        "as-needed",
      ],
      "@stylistic/quotes": [
        "error",
        "single",
      ],
      "@stylistic/rest-spread-spacing": [
        "error",
        "never",
      ],
      "@stylistic/semi": [
        "error",
        "never",
      ],
      "@stylistic/semi-spacing": [
        "error",
        {
          "after": true,
          "before": false,
        },
      ],
      "@stylistic/space-before-blocks": [
        "error",
        "always",
      ],
      "@stylistic/space-before-function-paren": [
        "error",
        {
          "anonymous": "always",
          "asyncArrow": "always",
          "named": "never",
        },
      ],
      "@stylistic/space-in-parens": [
        "error",
        "never",
      ],
      "@stylistic/space-infix-ops": "error",
      "@stylistic/space-unary-ops": [
        "error",
        {
          "nonwords": false,
          "words": true,
        },
      ],
      "@stylistic/spaced-comment": [
        "error",
        "always",
        {
          "block": {
            "balanced": true,
            "exceptions": [
              "*",
            ],
            "markers": [
              "*package",
              "!",
              ",",
              ":",
              "::",
              "flow-include",
            ],
          },
          "line": {
            "markers": [
              "*package",
              "!",
              "/",
              ",",
              "=",
            ],
          },
        },
      ],
      "@stylistic/switch-colon-spacing": [
        "error",
        {
          "after": true,
          "before": false,
        },
      ],
      "@stylistic/template-curly-spacing": [
        "error",
        "never",
      ],
      "@stylistic/template-tag-spacing": [
        "error",
        "never",
      ],
      "@stylistic/wrap-iife": [
        "error",
        "any",
        {
          "functionPrototypeMethods": true,
        },
      ],
      "@stylistic/yield-star-spacing": [
        "error",
        "after",
      ],
      "camelcase": "warn",
      "consistent-return": "error",
      "constructor-super": "error",
      "curly": [
        "error",
        "all",
      ],
      "dot-notation": [
        "error",
        {
          "allowKeywords": true,
        },
      ],
      "eqeqeq": [
        "error",
        "always",
        {
          "null": "ignore",
        },
      ],
      "import/export": "error",
      "import/first": "error",
      "import/named": "error",
      "import/no-absolute-path": [
        "error",
        {
          "amd": false,
          "commonjs": true,
          "esmodule": true,
        },
      ],
      "import/no-duplicates": "error",
      "import/no-named-default": "error",
      "import/no-useless-path-segments": "error",
      "levitate/comment": "warn",
      "levitate/import-convention": [
        "error",
      ],
      "levitate/sort-imports": [
        "error",
        "manta",
      ],
      "max-nested-callbacks": [
        "error",
        4,
      ],
      "new-cap": [
        "error",
        {
          "capIsNew": false,
          "newIsCap": true,
          "properties": true,
        },
      ],
      "no-array-constructor": "error",
      "no-async-promise-executor": "error",
      "no-compare-neg-zero": "error",
      "no-cond-assign": "error",
      "no-constant-condition": [
        "error",
        {
          "checkLoops": false,
        },
      ],
      "no-control-regex": "error",
      "no-debugger": "error",
      "no-delete-var": "error",
      "no-dupe-args": "error",
      "no-dupe-class-members": "error",
      "no-dupe-keys": "error",
      "no-duplicate-case": "error",
      "no-else-return": "error",
      "no-empty": "error",
      "no-empty-character-class": "error",
      "no-empty-pattern": "error",
      "no-eval": "error",
      "no-ex-assign": "error",
      "no-extend-native": "error",
      "no-extra-bind": "error",
      "no-extra-boolean-cast": "error",
      "no-fallthrough": "error",
      "no-func-assign": "error",
      "no-global-assign": "error",
      "no-implicit-coercion": [
        "error",
        {
          "allow": [
            "!!",
          ],
        },
      ],
      "no-implied-eval": "error",
      "no-inner-declarations": [
        "error",
        "functions",
      ],
      "no-invalid-regexp": "error",
      "no-irregular-whitespace": "error",
      "no-iterator": "error",
      "no-labels": [
        "error",
        {
          "allowLoop": false,
          "allowSwitch": false,
        },
      ],
      "no-lone-blocks": "error",
      "no-misleading-character-class": "error",
      "no-multi-str": "error",
      "no-nested-ternary": "error",
      "no-new": "error",
      "no-new-func": "error",
      "no-new-native-nonconstructor": "error",
      "no-new-wrappers": "error",
      "no-obj-calls": "error",
      "no-object-constructor": "error",
      "no-octal": "error",
      "no-octal-escape": "error",
      "no-promise-executor-return": "error",
      "no-proto": "error",
      "no-prototype-builtins": "error",
      "no-redeclare": [
        "error",
        {
          "builtinGlobals": false,
        },
      ],
      "no-regex-spaces": "error",
      "no-return-assign": [
        "error",
        "except-parens",
      ],
      "no-self-assign": [
        "error",
        {
          "props": true,
        },
      ],
      "no-self-compare": "error",
      "no-sequences": "error",
      "no-shadow-restricted-names": "error",
      "no-sparse-arrays": "error",
      "no-template-curly-in-string": "warn",
      "no-this-before-super": "error",
      "no-throw-literal": "error",
      "no-undef": "error",
      "no-undef-init": "error",
      "no-unexpected-multiline": "error",
      "no-unmodified-loop-condition": "error",
      "no-unneeded-ternary": [
        "error",
        {
          "defaultAssignment": false,
        },
      ],
      "no-unreachable": "error",
      "no-unsafe-finally": "error",
      "no-unsafe-negation": "error",
      "no-unused-expressions": [
        "error",
        {
          "allowShortCircuit": true,
          "allowTaggedTemplates": true,
          "allowTernary": true,
        },
      ],
      "no-unused-vars": [
        "error",
        {
          "args": "none",
          "ignoreRestSiblings": true,
          "vars": "all",
        },
      ],
      "no-use-before-define": [
        "error",
        {
          "classes": false,
          "functions": false,
          "variables": false,
        },
      ],
      "no-useless-call": "error",
      "no-useless-catch": "error",
      "no-useless-computed-key": "error",
      "no-useless-rename": "error",
      "no-useless-return": "error",
      "no-var": "error",
      "no-with": "error",
      "node/handle-callback-err": [
        "error",
        "error",
      ],
      "node/no-deprecated-api": "warn",
      "node/no-new-require": "error",
      "node/no-path-concat": "error",
      "node/process-exit-as-throw": "error",
      "object-shorthand": [
        "error",
        "properties",
      ],
      "prefer-arrow-callback": "error",
      "prefer-const": "error",
      "prefer-promise-reject-errors": "error",
      "promise/param-names": "error",
      "symbol-description": "error",
      "unicode-bom": [
        "error",
        "never",
      ],
      "unicorn/catch-error-name": [
        "error",
        {
          "name": "error",
        },
      ],
      "unicorn/error-message": "error",
      "unicorn/escape-case": "error",
      "unicorn/explicit-length-check": [
        "error",
        {
          "non-zero": "greater-than",
        },
      ],
      "unicorn/import-index": "error",
      "unicorn/no-for-loop": "error",
      "unicorn/no-unreadable-array-destructuring": "error",
      "unicorn/number-literal-case": "error",
      "unicorn/prefer-event-key": "error",
      "unicorn/throw-new-error": "error",
      "use-isnan": "error",
      "valid-typeof": [
        "error",
        {
          "requireStringLiterals": true,
        },
      ],
      "yoda": [
        "error",
        "never",
      ],
    },
  },
  {
    "files": [
      "**/*.{ts,mts,cts,js,mjs,cjs}",
    ],
    "ignores": [
      "../../node_modules/**/*",
    ],
    "languageOptions": {
      "parser": true,
      "parserOptions": {
        "ecmaVersion": undefined,
        "jsx": false,
        "project": "tsconfig.json",
        "tsconfigRootDir": "ts",
      },
    },
    "name": "typescript:tsconfig.json",
    "plugins": {
      "@typescript-eslint": true,
    },
    "rules": {
      "@stylistic/member-delimiter-style": [
        "error",
        {
          "multiline": {
            "delimiter": "none",
            "requireLast": false,
          },
          "singleline": {
            "delimiter": "comma",
            "requireLast": false,
          },
        },
      ],
      "@stylistic/type-annotation-spacing": [
        "error",
        {
          "after": true,
          "before": true,
          "overrides": {
            "arrow": {
              "after": true,
              "before": true,
            },
            "colon": {
              "after": true,
              "before": false,
            },
          },
        },
      ],
      "@stylistic/type-generic-spacing": "error",
      "@stylistic/type-named-tuple-spacing": "error",
      "@typescript-eslint/adjacent-overload-signatures": "error",
      "@typescript-eslint/array-type": [
        "error",
        {
          "default": "generic",
          "readonly": "generic",
        },
      ],
      "@typescript-eslint/consistent-type-assertions": "error",
      "@typescript-eslint/naming-convention": [
        "warn",
        {
          "format": [
            "camelCase",
            "PascalCase",
            "UPPER_CASE",
          ],
          "selector": "variable",
        },
        {
          "format": [
            "camelCase",
            "PascalCase",
          ],
          "selector": "function",
        },
        {
          "format": null,
          "modifiers": [
            "destructured",
          ],
          "selector": [
            "variable",
            "parameter",
          ],
        },
        {
          "format": [
            "camelCase",
          ],
          "leadingUnderscore": "allow",
          "selector": "parameter",
        },
        {
          "format": [
            "PascalCase",
          ],
          "selector": [
            "typeLike",
            "enumMember",
          ],
        },
        {
          "format": [
            "PascalCase",
          ],
          "modifiers": [
            "exported",
          ],
          "prefix": [
            "I",
          ],
          "selector": "interface",
        },
        {
          "format": [
            "camelCase",
          ],
          "leadingUnderscore": "allowSingleOrDouble",
          "modifiers": [
            "private",
          ],
          "selector": "memberLike",
        },
        {
          "format": [
            "camelCase",
            "snake_case",
          ],
          "leadingUnderscore": "allowSingleOrDouble",
          "selector": "memberLike",
        },
        {
          "format": null,
          "modifiers": [
            "requiresQuotes",
          ],
          "selector": [
            "memberLike",
            "objectLiteralProperty",
          ],
        },
        {
          "format": [
            "camelCase",
            "snake_case",
          ],
          "leadingUnderscore": "allowSingleOrDouble",
          "selector": "objectLiteralProperty",
          "trailingUnderscore": "allowSingleOrDouble",
        },
      ],
      "@typescript-eslint/no-namespace": "error",
      "@typescript-eslint/no-this-alias": "error",
      "@typescript-eslint/no-use-before-define": [
        "error",
        {
          "classes": false,
          "functions": false,
          "variables": false,
        },
      ],
      "@typescript-eslint/prefer-for-of": "error",
      "@typescript-eslint/triple-slash-reference": [
        "error",
        {
          "types": "prefer-import",
        },
      ],
      "camelcase": "off",
      "import/export": "off",
      "import/named": "off",
      "levitate/no-top-level-require": "error",
      "levitate/typescript-explicit-return-type": [
        "error",
        "onlyIfMoreThanOneReturns",
      ],
      "levitate/typescript-method-type": "error",
      "no-undef": "off",
      "no-unused-vars": "off",
      "no-use-before-define": "off",
    },
  },
]